Server started on port 5001
Uploading file: eeeb1c2d5d567758dbf6327fd1b0d490.jpg -> pages/1760723003052_ll0q5q.jpg
File uploaded successfully: pages/1760723003052_ll0q5q.jpg
Uploading file: 1594-1586111518.jpg -> pages/1760723639973_4yqc7j.jpg
File uploaded successfully: pages/1760723639973_4yqc7j.jpg
Uploading file: 1020457-3-1200Wx1200H-avif.avif -> wines/1760725595077_j9q8me.avif
File uploaded successfully: wines/1760725595077_j9q8me.avif
Uploading file: 1020457-3-1200Wx1200H-avif.avif -> wines/1760725608540_8skwl.avif
Uploading file: 1020457-3-1200Wx1200H-avif.avif -> wines/1760725608546_t182jj.avif
File uploaded successfully: wines/1760725608540_8skwl.avif
File uploaded successfully: wines/1760725608546_t182jj.avif
Uploading file: 1020457-3-1200Wx1200H-avif.avif -> wines/1760725614969_t1u64o.avif
Uploading file: 1020457-3-1200Wx1200H-avif.avif -> wines/1760725614971_ixveh.avif
File uploaded successfully: wines/1760725614969_t1u64o.avif
File uploaded successfully: wines/1760725614971_ixveh.avif
Uploading file: 1020457-3-1200Wx1200H-avif.avif -> wines/1760725629346_4nz7im.avif
File uploaded successfully: wines/1760725629346_4nz7im.avif
Uploading file: 1020457-3-1200Wx1200H-avif.avif -> wines/1760725629393_bff50l.avif
File uploaded successfully: wines/1760725629393_bff50l.avif
Uploading file: 1001719-1-1200Wx1200H-avif.avif -> wines/1760725663486_fe2ps.avif
File uploaded successfully: wines/1760725663486_fe2ps.avif
Uploading file: 1001719-1-1200Wx1200H-avif.avif -> wines/1760725667533_rnk19b.avif
File uploaded successfully: wines/1760725667533_rnk19b.avif
Uploading file: 1001719-1-1200Wx1200H-avif.avif -> wines/1760725672960_psavw4.avif
File uploaded successfully: wines/1760725672960_psavw4.avif
Uploading file: 1001719-1-1200Wx1200H-avif.avif -> wines/1760725672966_d497ya.avif
File uploaded successfully: wines/1760725672966_d497ya.avif
Uploading file: 1021991-1200Wx1200H-avif.avif -> wines/1760725713510_bpyp1o.avif
File uploaded successfully: wines/1760725713510_bpyp1o.avif
Uploading file: 1021991-1200Wx1200H-avif.avif -> wines/1760725717255_5i1obs.avif
File uploaded successfully: wines/1760725717255_5i1obs.avif
Uploading file: 1021991-1200Wx1200H-avif.avif -> wines/1760725717266_l56nc8.avif
File uploaded successfully: wines/1760725717266_l56nc8.avif
Uploading file: 1021991-1200Wx1200H-avif.avif -> wines/1760725722431_owt8yn.avif
File uploaded successfully: wines/1760725722431_owt8yn.avif
Uploading file: 1027925-1200Wx1200H-avif.avif -> wines/1760725755109_hsuve.avif
File uploaded successfully: wines/1760725755109_hsuve.avif
Uploading file: 1027925-1200Wx1200H-avif.avif -> wines/1760725759424_9c9atr.avif
File uploaded successfully: wines/1760725759424_9c9atr.avif
Uploading file: 1027925-1200Wx1200H-avif.avif -> wines/1760725759426_vpx4u.avif
File uploaded successfully: wines/1760725759426_vpx4u.avif
Uploading file: 1027925-1200Wx1200H-avif.avif -> wines/1760725761362_9vk6a6.avif
Uploading file: 1027925-1200Wx1200H-avif.avif -> wines/1760725761363_k57whe.avif
File uploaded successfully: wines/1760725761362_9vk6a6.avif
File uploaded successfully: wines/1760725761363_k57whe.avif
